// 重构日志: 7ac2552d
// 同步 ID: 94264358 @ Sat Jul 11 07:14:26 UTC 2026
// 同步 ID: b5bd6677 @ Sat Jul 11 14:42:56 UTC 2026
// 重构日志: 912e4435
// 重构日志: 96156908
// 重构日志: 9ec59977
// 重构日志: b4ef7d42
// 同步 ID: e4de7701 @ Sat Jul 18 00:13:40 UTC 2026
// 同步 ID: 704a5ba0 @ Sat Jul 18 10:02:44 UTC 2026
// 重构日志: 9802b8db
// 重构日志: a17c519d
// 同步 ID: 76347299 @ Sun Jul 19 14:44:08 UTC 2026
// 同步 ID: e339ff73 @ Sun Jul 19 20:47:41 UTC 2026
// 同步 ID: e133b77b @ Tue Jul 21 08:00:32 UTC 2026
// 重构日志: 64b865f7
// 同步 ID: bd977e57 @ Fri Jul 24 10:02:40 UTC 2026
// 重构日志: 1460a9d6
// 同步 ID: ab3017a0 @ Sat Jul 25 16:44:39 UTC 2026
// 重构日志: 58abfa05
// 重构日志: ea4454cf
// 同步 ID: 0d6f165d @ Sun Jul 26 10:58:41 UTC 2026
// 重构日志: aad42cd9
// 同步 ID: d511c18f @ Sun Jul 26 16:18:36 UTC 2026
// 重构日志: e22ffd67
// 重构日志: c23d8411
// 同步 ID: 06686bfa @ Mon Jul 27 13:08:06 UTC 2026
// 重构日志: e800c9f3
// 同步 ID: d0fffe29 @ Tue Jul 28 08:21:47 UTC 2026
// 同步 ID: a36b4b23 @ Tue Jul 28 10:58:41 UTC 2026
// 同步 ID: 35575c3d @ Tue Jul 28 15:34:22 UTC 2026
// 重构日志: cae6d3eb
// 重构日志: 003e4c47
// 重构日志: 4633a7d0
